// Jest Snapshot v1, https://goo.gl/fbAQLP

exports[`BirdComponent Dado: que o componente foi carregado
      Quando: detectar as alterações
      Então: deve gerar um Snapshot do componente carregado 1`] = `
<app-bird
  __ngContext__={[Function Number]}
  birdService={[Function BirdServiceMock]}
  birds={[Function Array]}
  birdsDisplayed={[Function Array]}
  error="false"
  fileService={[Function FileService]}
  route={[Function ActivatedRoute]}
  sanitizer={[Function DomSanitizerImpl]}
  selectedBirdName="undefined"
  showContent="false"
  toastr={[Function ToastrServiceMock]}
>
  <app-nav-bar /><div
    class="birds"
  >
    <div
      class="container"
    >
      <div
        class="row"
      >
        <div
          class="col-md-1"
        >
          <div
            class="title"
          >
            Aves
          </div>
        </div>
        <div
          class="col-md-1"
        >
          <div
            class="image"
          >
            <img
              src="assets/img/logo3.png"
              style="width: 70px;"
            />
          </div>
        </div>
      </div>
      <div
        class="search-container"
      >
        <form>
          <div
            class="form-group"
          >
            <input
              class="form-control"
              placeholder="Buscar"
              type="text"
            />
          </div>
        </form>
      </div>
      <div
        class="row"
      >
        <div
          class="col-md-3"
        >
          <div
            class="card"
          >
            <a
              class="nav-item nav-link"
              href="/cadastrar/Arara"
            >
              <div
                class="image-card"
              >
              </div>
            </a>
            <div
              class="bird-namePtbr"
            >
               Arara 
            </div>
            <div
              class="bird-fields"
            >
              <div
                class="field"
              >
                <b>
                  Nome em inglês:
                </b>
                <div
                  class="bird-field"
                >
                  Blue-and-yellow Macaw
                </div>
              </div>
              <div
                class="field"
              >
                <b>
                  Nome em latim:
                </b>
                <div
                  class="bird-field"
                >
                  Ara ararauna
                </div>
              </div>
              <div
                class="btn"
              >
                <button>
                   Leia mais 
                </button>
              </div>
            </div>
          </div>
        </div>
      </div>
    </div>
  </div>
</app-bird>
`;
